
> synthetic-sagan@3.2.1 build
> vite build

[36mvite v7.3.0 [32mbuilding client environment for production...[36m[39m
transforming...
[32mÔ£ô[39m 6021 modules transformed.
rendering chunks...
computing gzip size...
[2mdist/[22m[32mindex.html                                 [39m[1m[2m  1.67 kB[22m[1m[22m[2m Ôöé gzip:   0.67 kB[22m
[2mdist/[22m[32massets/logo-BbFj5a3Q.jpg                   [39m[1m[2m  8.53 kB[22m[1m[22m
[2mdist/[22m[35massets/TicketDetail-D32Un0ak.css           [39m[1m[2m 21.92 kB[22m[1m[22m[2m Ôöé gzip:   3.42 kB[22m
[2mdist/[22m[35massets/index-CRUU5dmI.css                  [39m[1m[2m209.08 kB[22m[1m[22m[2m Ôöé gzip:  25.98 kB[22m
[2mdist/[22m[36massets/CustomChartTooltip-CTlkoAQf.js      [39m[1m[2m  0.59 kB[22m[1m[22m[2m Ôöé gzip:   0.39 kB[22m
[2mdist/[22m[36massets/TrendsSection-BIxzGJe4.js           [39m[1m[2m  2.56 kB[22m[1m[22m[2m Ôöé gzip:   1.12 kB[22m
[2mdist/[22m[36massets/useWeeklySchedule-BEkuAro_.js       [39m[1m[2m  2.60 kB[22m[1m[22m[2m Ôöé gzip:   1.24 kB[22m
[2mdist/[22m[36massets/FranchiseGrid-Chc_0NQh.js           [39m[1m[2m  2.81 kB[22m[1m[22m[2m Ôöé gzip:   1.04 kB[22m
[2mdist/[22m[36massets/OperationalMetrics-DKR_PmNE.js      [39m[1m[2m  3.05 kB[22m[1m[22m[2m Ôöé gzip:   1.13 kB[22m
[2mdist/[22m[36massets/FranchiseCard-sR2-eqxa.js           [39m[1m[2m  3.23 kB[22m[1m[22m[2m Ôöé gzip:   1.30 kB[22m
[2mdist/[22m[36massets/vendor-email-DtVQIX_c.js            [39m[1m[2m  3.51 kB[22m[1m[22m[2m Ôöé gzip:   1.45 kB[22m
[2mdist/[22m[36massets/IntelligenceWidget-DreovWSf.js      [39m[1m[2m  4.04 kB[22m[1m[22m[2m Ôöé gzip:   1.58 kB[22m
[2mdist/[22m[36massets/AdminFranchiseView-A4WuMTgb.js      [39m[1m[2m  4.74 kB[22m[1m[22m[2m Ôöé gzip:   1.91 kB[22m
[2mdist/[22m[36massets/DashboardCharts-CD46vUJK.js         [39m[1m[2m  6.29 kB[22m[1m[22m[2m Ôöé gzip:   2.13 kB[22m
[2mdist/[22m[36massets/AdminFinanceInbox-DT_UzLm2.js       [39m[1m[2m  6.30 kB[22m[1m[22m[2m Ôöé gzip:   2.12 kB[22m
[2mdist/[22m[36massets/TicketDetail-CEAzhEz6.js            [39m[1m[2m  7.84 kB[22m[1m[22m[2m Ôöé gzip:   2.50 kB[22m
[2mdist/[22m[36massets/FleetManager-BfJ4-2Hv.js            [39m[1m[2m 11.38 kB[22m[1m[22m[2m Ôöé gzip:   3.29 kB[22m
[2mdist/[22m[36massets/FranchiseProfile-BPVyM1Pl.js        [39m[1m[2m 15.40 kB[22m[1m[22m[2m Ôöé gzip:   4.46 kB[22m
[2mdist/[22m[36massets/vendor-ai-CZZ1HbHH.js               [39m[1m[2m 19.40 kB[22m[1m[22m[2m Ôöé gzip:   5.86 kB[22m
[2mdist/[22m[36massets/ShiftPlanner-DmfJ899x.js            [39m[1m[2m 24.32 kB[22m[1m[22m[2m Ôöé gzip:   7.19 kB[22m
[2mdist/[22m[36massets/vendor-ui-ChrBN-lW.js               [39m[1m[2m 28.02 kB[22m[1m[22m[2m Ôöé gzip:   9.36 kB[22m
[2mdist/[22m[36massets/OperationsDashboard-DA1uNBJd.js     [39m[1m[2m 58.29 kB[22m[1m[22m[2m Ôöé gzip:  16.76 kB[22m
[2mdist/[22m[36massets/Academy-1QrpSlNg.js                 [39m[1m[2m193.80 kB[22m[1m[22m[2m Ôöé gzip:  54.91 kB[22m
[2mdist/[22m[36massets/vendor-quill-BgV5KxBN.js            [39m[1m[2m224.69 kB[22m[1m[22m[2m Ôöé gzip:  58.20 kB[22m
[2mdist/[22m[36massets/vendor-firebase-Du5xk2l0.js         [39m[1m[2m381.63 kB[22m[1m[22m[2m Ôöé gzip: 118.41 kB[22m
[2mdist/[22m[36massets/vendor-charts-D4CRMCKx.js           [39m[1m[2m456.11 kB[22m[1m[22m[2m Ôöé gzip: 121.23 kB[22m
[2mdist/[22m[36massets/FinancialAdvisorWidget-CXPv92Xt.js  [39m[1m[33m550.70 kB[39m[22m[2m Ôöé gzip: 177.06 kB[22m
[2mdist/[22m[36massets/index-DYjpnvjZ.js                   [39m[1m[33m688.02 kB[39m[22m[2m Ôöé gzip: 201.19 kB[22m
node.exe : [33m
En línea: 1 Carácter: 1
+ & "C:\Program Files\nodejs/node.exe" "C:\Program Files\nodejs/node_mo ...
+ ~~~~~~~~~~~~~~~~~~~~~~~~~~~~~~~~~~~~~~~~~~~~~~~~~~~~~~~~~~~~~~~~~~~~~
    + CategoryInfo          : NotSpecified: ([33m:String) [], RemoteException
    + FullyQualifiedErrorId : NativeCommandError
 
(!) Some chunks are larger than 500 kB after minification. Consider:
- Using dynamic import() to code-split the application
- Use build.rollupOptions.output.manualChunks to improve chunking: 
https://rollupjs.org/configuration-options/#output-manualchunks
- Adjust chunk size limit for this warning via build.chunkSizeWarningLimit.[39m
[32mÔ£ô built in 23.91s[39m
