src/features/admin/settings/FranchiseProfile.tsx(55,13): error TS2339: Property 'addToast' does not exist on type '{} | { addToast: () => void; }'.
src/features/admin/settings/FranchiseProfile.tsx(55,37): error TS2304: Cannot find name 'ToastContext'.
src/features/admin/users/CreateUserModal.tsx(93,38): error TS2339: Property 'name' does not exist on type '{ uid: UserId; email: string; displayName: string; role: string; status: "active" | "pending" | "banned" | "deleted"; id?: string | undefined; franchiseId?: FranchiseId | undefined; ... 12 more ...; updatedAt?: any; }'.
src/features/fleet/vehicles/components/VehicleForm.tsx(4,48): error TS6133: 'Vehicle' is declared but its value is never read.
src/features/operations/FleetManager.tsx(54,15): error TS2739: Type '{ plate: string; model: string; status: VehicleStatus; }' is missing the following properties from type '{ status: "active" | "deleted" | "maintenance" | "out_of_service"; type: "vehicle"; model: string; plate: string; currentKm: number; nextRevisionKm: number; franchiseId?: FranchiseId | undefined; brand?: string | undefined; vin?: string | undefined; insuranceExpiry?: string | undefined; }': type, currentKm, nextRevisionKm
src/features/operations/MotoManagement.tsx(428,69): error TS2345: Argument of type 'VehicleId | undefined' is not assignable to parameter of type 'string'.
  Type 'undefined' is not assignable to type 'string'.
src/hooks/useFleet.ts(9,16): error TS6133: 'MotoStatus' is declared but its value is never read.
src/hooks/useUserManager.ts(136,47): error TS2345: Argument of type 'Partial<{ displayName: string; email: string; role: "admin" | "user" | "franchise" | "rider" | "staff"; pack: "basic" | "premium"; status: "active" | "pending" | "banned"; franchiseId?: string | undefined; ... 6 more ...; password?: string | undefined; }>' is not assignable to parameter of type 'Partial<{ uid: UserId; email: string; displayName: string; role: string; status: "active" | "pending" | "banned" | "deleted"; id?: string | undefined; franchiseId?: FranchiseId | undefined; ... 12 more ...; updatedAt?: any; }>'.
  Types of property 'franchiseId' are incompatible.
    Type 'string | undefined' is not assignable to type 'FranchiseId | undefined'.
      Type 'string' is not assignable to type 'FranchiseId'.
        Type 'string' is not assignable to type '{ readonly [brand]: "FranchiseId"; }'.
src/schemas/users.ts(82,22): error TS2554: Expected 2-3 arguments, but got 1.
src/services/migrationService.test.ts(3,31): error TS6133: 'collection' is declared but its value is never read.
