
[1m[46m RUN [49m[22m [36mv4.0.16 [39m[90mC:/Users/Usuario/.gemini/antigravity/playground/synthetic-sagan[39m

node.exe : [90mstderr[2m | src
/services/scheduler/weekService.
test.ts[2m > 
[22m[2mScheduler Module[2m > 
[22m[2mWeekService[2m > 
[22m[2mgetWeek[2m > 
[22m[2mshould throw if data 
is invalid (Zod validation)
En línea: 1 Carácter: 1
+ & "C:\Program 
Files\nodejs/node.exe" 
"C:\Program 
Files\nodejs/node_mo ...
+ ~~~~~~~~~~~~~~~~~~~~~~~~~~~~~~
~~~~~~~~~~~~~~~~~~~~~~~~~~~~~~~~
~~~~~~~
    + CategoryInfo          : N 
   otSpecified: ([90mstderr[  
  2m...Zod validation):String   
 ) [], RemoteException
    + FullyQualifiedErrorId : N 
   ativeCommandError
 
[22m[39m[WeekService] Error 
fetching/validating week: 
ZodError: [
  {
    "expected": "string",
    "code": "invalid_type",
    "path": [
      "startDate"
    ],
    "message": "Invalid input: 
expected string, received 
undefined"
  }
]
    at Object.getWeek (C:/Users/
Usuario/.gemini/antigravity/play
ground/synthetic-sagan/src/servi
ces/scheduler/weekService.ts:39:
39)
[90m    at 
processTicksAndRejections (node:
internal/process/task_queues:103
:5)[39m

 [31mÔØ»[39m src/services/scheduler/weekService.test.ts [2m([22m[2m11 tests[22m[2m | [22m[31m2 failed[39m[2m)[22m[32m 21[2mms[22m[39m
       [32mÔ£ô[39m should validate a correct WeekData object[32m 3[2mms[22m[39m
       [32mÔ£ô[39m should fail with invalid date format[32m 1[2mms[22m[39m
       [32mÔ£ô[39m should enforce default values[32m 1[2mms[22m[39m
         [32mÔ£ô[39m should correctly calculate ISO week for regular date[32m 0[2mms[22m[39m
[31m         [31m├ù[31m should handle year boundary correctly (late Dec)[39m[32m 6[2mms[22m[39m
         [32mÔ£ô[39m should handle year boundary correctly (early Jan)[32m 0[2mms[22m[39m
         [32mÔ£ô[39m should return validated data when document exists[32m 1[2mms[22m[39m
         [32mÔ£ô[39m should return null if document does not exist[32m 0[2mms[22m[39m
         [32mÔ£ô[39m should throw if data is invalid (Zod validation)[32m 3[2mms[22m[39m
[31m         [31m├ù[31m should create new week if not exists[39m[32m 3[2mms[22m[39m
         [32mÔ£ô[39m should validation fail if trying to init with bad date[32m 1[2mms[22m[39m

[31mÔÄ»ÔÄ»ÔÄ»ÔÄ»ÔÄ»ÔÄ»ÔÄ»[39m
[1m[41m Failed Tests 2 [49m[2
2m[31mÔÄ»ÔÄ»ÔÄ»ÔÄ»ÔÄ»ÔÄ»ÔÄ»[39
m

[41m[1m FAIL [22m[49m src/se
rvices/scheduler/weekService.tes
t.ts[2m > [22mScheduler 
Module[2m > 
[22mWeekService[2m > 
[22mgetWeekId[2m > 
[22mshould handle year 
boundary correctly (late Dec)
[31m[1mAssertionError[22m: 
expected '2026_01' to be 
'2025_53' // Object.is 
equality[39m

Expected: 
[32m"202[7m5_53[27m"[39m
Received: 
[31m"202[7m6_01[27m"[39m

[36m [2mÔØ»[22m src/services/
scheduler/weekService.test.ts:[
2m86:53[22m[39m
    [90m 84| [39m             
   [35mconst[39m date 
[33m=[39m [35mnew[39m [33mD
ate[39m([32m'2025-12-31T12:00:
00Z'[39m)[33m;[39m
    [90m 85| [39m             
   [90m// Dec 31 2025 is 
Wednesday -> Week 53 of 
2025[39m
    [90m 86| [39m             
   [34mexpect[39m([33mWeekSer
vice[39m[33m.[39m[34mgetWeek
Id[39m(date))[33m.[39m[34mto
Be[39m([32m'2025_53'[39m)[33
m;[39m
    [90m   | [39m             
                                
       [31m^[39m
    [90m 87| [39m            
})[33m;[39m
    [90m 88| [39m

[31m[2mÔÄ»ÔÄ»ÔÄ»ÔÄ»ÔÄ»ÔÄ»ÔÄ»ÔÄ
»ÔÄ»ÔÄ»ÔÄ»ÔÄ»ÔÄ»ÔÄ»ÔÄ»ÔÄ»ÔÄ»ÔÄ»Ô
Ä»ÔÄ»ÔÄ»ÔÄ»ÔÄ»ÔÄ»[1/2]ÔÄ»[22m[
39m

[41m[1m FAIL [22m[49m src/se
rvices/scheduler/weekService.tes
t.ts[2m > [22mScheduler 
Module[2m > 
[22mWeekService[2m > 
[22minitWeek[2m > [22mshould 
create new week if not exists
[31m[1mAssertionError[22m: 
expected "vi.fn()" to be called 
with arguments: [ Anything, 
ObjectContaining{ÔÇª} ][90m

Received: 

[1m  1st vi.fn() call:

[22m[2m  [[22m
[32m-   Anything,[90m
[32m-   ObjectContaining {[90m
[31m+   undefined,[90m
[31m+   {[90m
[2m      "id": "2025_42",[22m
[31m+     "metrics": {[90m
[31m+       "activeRiders": 
0,[90m
[31m+       "motosInUse": 
0,[90m
[31m+       "totalHours": 
0,[90m
[31m+     },[90m
[31m+     "shifts": [],[90m
[2m      "startDate": 
"2025-10-13",[22m
[2m      "status": 
"draft",[22m
[2m    },[22m
[2m  ][22m
[31m[90m

Number of calls: [1m1[22m
[31m[39m
[36m [2mÔØ»[22m src/services/
scheduler/weekService.test.ts:[
2m152:32[22m[39m
    [90m150| [39m             
   const result = await 
WeekService.initWeek(fid, wid, 
stÔÇª
    [90m151| [39m
    [90m152| [39m             
   [34mexpect[39m(setDoc)[33m
.[39m[34mtoHaveBeenCalledWith
[39m(
    [90m   | [39m             
                  [31m^[39m
    [90m153| [39m             
       expect[33m.[39m[34many
thing[39m()[33m,[39m
    [90m154| [39m             
       expect[33m.[39m[34mobj
ectContaining[39m({

[31m[2mÔÄ»ÔÄ»ÔÄ»ÔÄ»ÔÄ»ÔÄ»ÔÄ»ÔÄ
»ÔÄ»ÔÄ»ÔÄ»ÔÄ»ÔÄ»ÔÄ»ÔÄ»ÔÄ»ÔÄ»ÔÄ»Ô
Ä»ÔÄ»ÔÄ»ÔÄ»ÔÄ»ÔÄ»[2/2]ÔÄ»[22m[
39m


[2m Test Files [22m [1m[31m1 failed[39m[22m[90m (1)[39m
[2m      Tests [22m [1m[31m2 failed[39m[22m[2m | [22m[1m[32m9 passed[39m[22m[90m (11)[39m
[2m   Start at [22m 17:58:24
[2m   Duration [22m 630ms[2m (transform 75ms, setup 0ms, import 147ms, tests 21ms, environment 0ms)[22m

