src/features/operations/QuickFillModal.tsx(1,8): error TS1259: Module '"C:/Users/Usuario/.gemini/antigravity/playground/repaart/node_modules/@types/react/index"' can only be default-imported using the 'esModuleInterop' flag
src/features/operations/QuickFillModal.tsx(524,9): error TS17004: Cannot use JSX unless the '--jsx' flag is provided.
src/features/operations/QuickFillModal.tsx(525,13): error TS17004: Cannot use JSX unless the '--jsx' flag is provided.
src/features/operations/QuickFillModal.tsx(527,17): error TS17004: Cannot use JSX unless the '--jsx' flag is provided.
src/features/operations/QuickFillModal.tsx(528,21): error TS17004: Cannot use JSX unless the '--jsx' flag is provided.
src/features/operations/QuickFillModal.tsx(529,25): error TS17004: Cannot use JSX unless the '--jsx' flag is provided.
src/features/operations/QuickFillModal.tsx(530,29): error TS17004: Cannot use JSX unless the '--jsx' flag is provided.
src/features/operations/QuickFillModal.tsx(531,33): error TS17004: Cannot use JSX unless the '--jsx' flag is provided.
src/features/operations/QuickFillModal.tsx(533,29): error TS17004: Cannot use JSX unless the '--jsx' flag is provided.
src/features/operations/QuickFillModal.tsx(534,29): error TS17004: Cannot use JSX unless the '--jsx' flag is provided.
src/features/operations/QuickFillModal.tsx(536,25): error TS17004: Cannot use JSX unless the '--jsx' flag is provided.
src/features/operations/QuickFillModal.tsx(538,33): error TS17004: Cannot use JSX unless the '--jsx' flag is provided.
src/features/operations/QuickFillModal.tsx(540,37): error TS17004: Cannot use JSX unless the '--jsx' flag is provided.
src/features/operations/QuickFillModal.tsx(541,37): error TS17004: Cannot use JSX unless the '--jsx' flag is provided.
src/features/operations/QuickFillModal.tsx(548,33): error TS17004: Cannot use JSX unless the '--jsx' flag is provided.
src/features/operations/QuickFillModal.tsx(549,37): error TS17004: Cannot use JSX unless the '--jsx' flag is provided.
src/features/operations/QuickFillModal.tsx(550,37): error TS17004: Cannot use JSX unless the '--jsx' flag is provided.
src/features/operations/QuickFillModal.tsx(556,33): error TS17004: Cannot use JSX unless the '--jsx' flag is provided.
src/features/operations/QuickFillModal.tsx(558,33): error TS17004: Cannot use JSX unless the '--jsx' flag is provided.
src/features/operations/QuickFillModal.tsx(562,21): error TS17004: Cannot use JSX unless the '--jsx' flag is provided.
src/features/operations/QuickFillModal.tsx(566,25): error TS17004: Cannot use JSX unless the '--jsx' flag is provided.
src/features/operations/QuickFillModal.tsx(570,17): error TS17004: Cannot use JSX unless the '--jsx' flag is provided.
src/features/operations/QuickFillModal.tsx(572,21): error TS17004: Cannot use JSX unless the '--jsx' flag is provided.
src/features/operations/QuickFillModal.tsx(573,25): error TS17004: Cannot use JSX unless the '--jsx' flag is provided.
src/features/operations/QuickFillModal.tsx(574,25): error TS17004: Cannot use JSX unless the '--jsx' flag is provided.
src/features/operations/QuickFillModal.tsx(575,29): error TS17004: Cannot use JSX unless the '--jsx' flag is provided.
src/features/operations/QuickFillModal.tsx(576,33): error TS17004: Cannot use JSX unless the '--jsx' flag is provided.
src/features/operations/QuickFillModal.tsx(577,33): error TS17004: Cannot use JSX unless the '--jsx' flag is provided.
src/features/operations/QuickFillModal.tsx(579,29): error TS17004: Cannot use JSX unless the '--jsx' flag is provided.
src/features/operations/QuickFillModal.tsx(580,33): error TS17004: Cannot use JSX unless the '--jsx' flag is provided.
src/features/operations/QuickFillModal.tsx(581,33): error TS17004: Cannot use JSX unless the '--jsx' flag is provided.
src/features/operations/QuickFillModal.tsx(583,29): error TS17004: Cannot use JSX unless the '--jsx' flag is provided.
src/features/operations/QuickFillModal.tsx(584,33): error TS17004: Cannot use JSX unless the '--jsx' flag is provided.
src/features/operations/QuickFillModal.tsx(585,33): error TS17004: Cannot use JSX unless the '--jsx' flag is provided.
src/features/operations/QuickFillModal.tsx(587,29): error TS17004: Cannot use JSX unless the '--jsx' flag is provided.
src/features/operations/QuickFillModal.tsx(588,33): error TS17004: Cannot use JSX unless the '--jsx' flag is provided.
src/features/operations/QuickFillModal.tsx(589,33): error TS17004: Cannot use JSX unless the '--jsx' flag is provided.
src/features/operations/QuickFillModal.tsx(595,25): error TS17004: Cannot use JSX unless the '--jsx' flag is provided.
src/features/operations/QuickFillModal.tsx(596,29): error TS17004: Cannot use JSX unless the '--jsx' flag is provided.
src/features/operations/QuickFillModal.tsx(597,33): error TS17004: Cannot use JSX unless the '--jsx' flag is provided.
src/features/operations/QuickFillModal.tsx(600,29): error TS17004: Cannot use JSX unless the '--jsx' flag is provided.
src/features/operations/QuickFillModal.tsx(602,37): error TS17004: Cannot use JSX unless the '--jsx' flag is provided.
src/features/operations/QuickFillModal.tsx(604,41): error TS17004: Cannot use JSX unless the '--jsx' flag is provided.
src/features/operations/QuickFillModal.tsx(605,41): error TS17004: Cannot use JSX unless the '--jsx' flag is provided.
src/features/operations/QuickFillModal.tsx(606,45): error TS17004: Cannot use JSX unless the '--jsx' flag is provided.
src/features/operations/QuickFillModal.tsx(614,21): error TS17004: Cannot use JSX unless the '--jsx' flag is provided.
src/features/operations/QuickFillModal.tsx(615,25): error TS17004: Cannot use JSX unless the '--jsx' flag is provided.
src/features/operations/QuickFillModal.tsx(616,29): error TS17004: Cannot use JSX unless the '--jsx' flag is provided.
src/features/operations/QuickFillModal.tsx(618,33): error TS17004: Cannot use JSX unless the '--jsx' flag is provided.
src/features/operations/QuickFillModal.tsx(619,37): error TS17004: Cannot use JSX unless the '--jsx' flag is provided.
src/features/operations/QuickFillModal.tsx(623,25): error TS17004: Cannot use JSX unless the '--jsx' flag is provided.
src/features/operations/QuickFillModal.tsx(625,33): error TS17004: Cannot use JSX unless the '--jsx' flag is provided.
src/features/operations/QuickFillModal.tsx(626,37): error TS17004: Cannot use JSX unless the '--jsx' flag is provided.
src/features/operations/QuickFillModal.tsx(627,41): error TS17004: Cannot use JSX unless the '--jsx' flag is provided.
src/features/operations/QuickFillModal.tsx(628,41): error TS17004: Cannot use JSX unless the '--jsx' flag is provided.
src/features/operations/QuickFillModal.tsx(629,45): error TS17004: Cannot use JSX unless the '--jsx' flag is provided.
src/features/operations/QuickFillModal.tsx(630,49): error TS17004: Cannot use JSX unless the '--jsx' flag is provided.
src/features/operations/QuickFillModal.tsx(632,45): error TS17004: Cannot use JSX unless the '--jsx' flag is provided.
src/features/operations/QuickFillModal.tsx(634,49): error TS17004: Cannot use JSX unless the '--jsx' flag is provided.
src/features/operations/QuickFillModal.tsx(635,66): error TS17004: Cannot use JSX unless the '--jsx' flag is provided.
src/features/operations/QuickFillModal.tsx(639,37): error TS17004: Cannot use JSX unless the '--jsx' flag is provided.
src/features/operations/QuickFillModal.tsx(640,41): error TS17004: Cannot use JSX unless the '--jsx' flag is provided.
src/features/operations/QuickFillModal.tsx(641,41): error TS17004: Cannot use JSX unless the '--jsx' flag is provided.
src/features/operations/QuickFillModal.tsx(642,45): error TS17004: Cannot use JSX unless the '--jsx' flag is provided.
src/features/operations/QuickFillModal.tsx(643,49): error TS17004: Cannot use JSX unless the '--jsx' flag is provided.
src/features/operations/QuickFillModal.tsx(645,45): error TS17004: Cannot use JSX unless the '--jsx' flag is provided.
src/features/operations/QuickFillModal.tsx(647,49): error TS17004: Cannot use JSX unless the '--jsx' flag is provided.
src/features/operations/QuickFillModal.tsx(648,66): error TS17004: Cannot use JSX unless the '--jsx' flag is provided.
src/features/operations/QuickFillModal.tsx(654,33): error TS17004: Cannot use JSX unless the '--jsx' flag is provided.
src/features/operations/QuickFillModal.tsx(655,37): error TS17004: Cannot use JSX unless the '--jsx' flag is provided.
src/features/operations/QuickFillModal.tsx(656,41): error TS17004: Cannot use JSX unless the '--jsx' flag is provided.
src/features/operations/QuickFillModal.tsx(657,41): error TS17004: Cannot use JSX unless the '--jsx' flag is provided.
src/features/operations/QuickFillModal.tsx(658,45): error TS17004: Cannot use JSX unless the '--jsx' flag is provided.
src/features/operations/QuickFillModal.tsx(659,49): error TS17004: Cannot use JSX unless the '--jsx' flag is provided.
src/features/operations/QuickFillModal.tsx(661,45): error TS17004: Cannot use JSX unless the '--jsx' flag is provided.
src/features/operations/QuickFillModal.tsx(663,49): error TS17004: Cannot use JSX unless the '--jsx' flag is provided.
src/features/operations/QuickFillModal.tsx(664,66): error TS17004: Cannot use JSX unless the '--jsx' flag is provided.
src/features/operations/QuickFillModal.tsx(668,37): error TS17004: Cannot use JSX unless the '--jsx' flag is provided.
src/features/operations/QuickFillModal.tsx(669,41): error TS17004: Cannot use JSX unless the '--jsx' flag is provided.
src/features/operations/QuickFillModal.tsx(670,41): error TS17004: Cannot use JSX unless the '--jsx' flag is provided.
src/features/operations/QuickFillModal.tsx(671,45): error TS17004: Cannot use JSX unless the '--jsx' flag is provided.
src/features/operations/QuickFillModal.tsx(672,49): error TS17004: Cannot use JSX unless the '--jsx' flag is provided.
src/features/operations/QuickFillModal.tsx(674,45): error TS17004: Cannot use JSX unless the '--jsx' flag is provided.
src/features/operations/QuickFillModal.tsx(676,49): error TS17004: Cannot use JSX unless the '--jsx' flag is provided.
src/features/operations/QuickFillModal.tsx(677,65): error TS17004: Cannot use JSX unless the '--jsx' flag is provided.
src/features/operations/QuickFillModal.tsx(685,25): error TS17004: Cannot use JSX unless the '--jsx' flag is provided.
src/features/operations/QuickFillModal.tsx(686,29): error TS17004: Cannot use JSX unless the '--jsx' flag is provided.
src/features/operations/QuickFillModal.tsx(687,33): error TS17004: Cannot use JSX unless the '--jsx' flag is provided.
src/features/operations/QuickFillModal.tsx(688,33): error TS17004: Cannot use JSX unless the '--jsx' flag is provided.
src/features/operations/QuickFillModal.tsx(689,37): error TS17004: Cannot use JSX unless the '--jsx' flag is provided.
src/features/operations/QuickFillModal.tsx(690,37): error TS17004: Cannot use JSX unless the '--jsx' flag is provided.
src/features/operations/QuickFillModal.tsx(691,37): error TS17004: Cannot use JSX unless the '--jsx' flag is provided.
src/features/operations/QuickFillModal.tsx(694,29): error TS17004: Cannot use JSX unless the '--jsx' flag is provided.
src/features/operations/QuickFillModal.tsx(698,41): error TS17004: Cannot use JSX unless the '--jsx' flag is provided.
src/features/operations/QuickFillModal.tsx(710,29): error TS17004: Cannot use JSX unless the '--jsx' flag is provided.
src/features/operations/QuickFillModal.tsx(711,33): error TS17004: Cannot use JSX unless the '--jsx' flag is provided.
src/features/operations/QuickFillModal.tsx(712,33): error TS17004: Cannot use JSX unless the '--jsx' flag is provided.
src/features/operations/QuickFillModal.tsx(713,37): error TS17004: Cannot use JSX unless the '--jsx' flag is provided.
src/features/operations/QuickFillModal.tsx(714,37): error TS17004: Cannot use JSX unless the '--jsx' flag is provided.
src/features/operations/QuickFillModal.tsx(715,37): error TS17004: Cannot use JSX unless the '--jsx' flag is provided.
src/features/operations/QuickFillModal.tsx(720,25): error TS17004: Cannot use JSX unless the '--jsx' flag is provided.
src/features/operations/QuickFillModal.tsx(721,42): error TS17004: Cannot use JSX unless the '--jsx' flag is provided.
src/features/operations/QuickFillModal.tsx(721,96): error TS17004: Cannot use JSX unless the '--jsx' flag is provided.
src/features/operations/QuickFillModal.tsx(722,29): error TS17004: Cannot use JSX unless the '--jsx' flag is provided.
src/features/operations/QuickFillModal.tsx(723,33): error TS17004: Cannot use JSX unless the '--jsx' flag is provided.
src/features/operations/QuickFillModal.tsx(724,33): error TS17004: Cannot use JSX unless the '--jsx' flag is provided.
src/features/operations/QuickFillModal.tsx(731,17): error TS17004: Cannot use JSX unless the '--jsx' flag is provided.
src/features/operations/QuickFillModal.tsx(732,21): error TS17004: Cannot use JSX unless the '--jsx' flag is provided.
src/features/operations/QuickFillModal.tsx(737,25): error TS17004: Cannot use JSX unless the '--jsx' flag is provided.
src/features/operations/QuickFillModal.tsx(741,21): error TS17004: Cannot use JSX unless the '--jsx' flag is provided.
src/features/operations/QuickFillModal.tsx(742,25): error TS17004: Cannot use JSX unless the '--jsx' flag is provided.
src/features/operations/QuickFillModal.tsx(747,29): error TS17004: Cannot use JSX unless the '--jsx' flag is provided.
src/features/operations/QuickFillModal.tsx(749,25): error TS17004: Cannot use JSX unless the '--jsx' flag is provided.
src/features/operations/QuickFillModal.tsx(757,45): error TS17004: Cannot use JSX unless the '--jsx' flag is provided.
src/features/operations/QuickFillModal.tsx(757,94): error TS17004: Cannot use JSX unless the '--jsx' flag is provided.
src/features/scheduler/DeliveryScheduler.tsx(1,8): error TS1259: Module '"C:/Users/Usuario/.gemini/antigravity/playground/repaart/node_modules/@types/react/index"' can only be default-imported using the 'esModuleInterop' flag
src/features/scheduler/DeliveryScheduler.tsx(7,24): error TS6142: Module '../../features/operations/ShiftModal' was resolved to 'C:/Users/Usuario/.gemini/antigravity/playground/repaart/src/features/operations/ShiftModal.tsx', but '--jsx' is not set.
src/features/scheduler/DeliveryScheduler.tsx(8,28): error TS6142: Module '../../features/operations/QuickFillModal' was resolved to 'C:/Users/Usuario/.gemini/antigravity/playground/repaart/src/features/operations/QuickFillModal.tsx', but '--jsx' is not set.
src/features/scheduler/DeliveryScheduler.tsx(9,30): error TS6142: Module '../../features/operations/MobileAgendaView' was resolved to 'C:/Users/Usuario/.gemini/antigravity/playground/repaart/src/features/operations/MobileAgendaView.tsx', but '--jsx' is not set.
src/features/scheduler/DeliveryScheduler.tsx(10,36): error TS6142: Module './SchedulerStatusBar' was resolved to 'C:/Users/Usuario/.gemini/antigravity/playground/repaart/src/features/scheduler/SchedulerStatusBar.tsx', but '--jsx' is not set.
src/features/scheduler/DeliveryScheduler.tsx(12,32): error TS6142: Module './DraggableShift' was resolved to 'C:/Users/Usuario/.gemini/antigravity/playground/repaart/src/features/scheduler/DraggableShift.tsx', but '--jsx' is not set.
src/features/scheduler/DeliveryScheduler.tsx(13,31): error TS6142: Module './DroppableCell' was resolved to 'C:/Users/Usuario/.gemini/antigravity/playground/repaart/src/features/scheduler/DroppableCell.tsx', but '--jsx' is not set.
src/features/scheduler/DeliveryScheduler.tsx(14,34): error TS6142: Module './components/ShiftContextMenu' was resolved to 'C:/Users/Usuario/.gemini/antigravity/playground/repaart/src/features/scheduler/components/ShiftContextMenu.tsx', but '--jsx' is not set.
src/features/scheduler/DeliveryScheduler.tsx(15,37): error TS6142: Module './SchedulerGuideModal' was resolved to 'C:/Users/Usuario/.gemini/antigravity/playground/repaart/src/features/scheduler/SchedulerGuideModal.tsx', but '--jsx' is not set.
src/features/scheduler/DeliveryScheduler.tsx(16,31): error TS6142: Module '../../components/ui/feedback/ConfirmationModal' was resolved to 'C:/Users/Usuario/.gemini/antigravity/playground/repaart/src/components/ui/feedback/ConfirmationModal.tsx', but '--jsx' is not set.
src/features/scheduler/DeliveryScheduler.tsx(17,36): error TS6142: Module './SheriffReportModal' was resolved to 'C:/Users/Usuario/.gemini/antigravity/playground/repaart/src/features/scheduler/SheriffReportModal.tsx', but '--jsx' is not set.
src/features/scheduler/DeliveryScheduler.tsx(22,25): error TS6142: Module '../../context/AuthContext' was resolved to 'C:/Users/Usuario/.gemini/antigravity/playground/repaart/src/context/AuthContext.tsx', but '--jsx' is not set.
src/features/scheduler/DeliveryScheduler.tsx(444,30): error TS2802: Type 'Set<string>' can only be iterated through when using the '--downlevelIteration' flag or with a '--target' of 'es2015' or higher.
src/features/scheduler/DeliveryScheduler.tsx(815,25): error TS17004: Cannot use JSX unless the '--jsx' flag is provided.
src/features/scheduler/DeliveryScheduler.tsx(816,9): error TS17004: Cannot use JSX unless the '--jsx' flag is provided.
src/features/scheduler/DeliveryScheduler.tsx(817,13): error TS17004: Cannot use JSX unless the '--jsx' flag is provided.
src/features/scheduler/DeliveryScheduler.tsx(818,13): error TS17004: Cannot use JSX unless the '--jsx' flag is provided.
src/features/scheduler/DeliveryScheduler.tsx(823,16): error TS17004: Cannot use JSX unless the '--jsx' flag is provided.
src/features/scheduler/DeliveryScheduler.tsx(853,9): error TS17004: Cannot use JSX unless the '--jsx' flag is provided.
src/features/scheduler/DeliveryScheduler.tsx(854,13): error TS17004: Cannot use JSX unless the '--jsx' flag is provided.
src/features/scheduler/DeliveryScheduler.tsx(862,17): error TS17004: Cannot use JSX unless the '--jsx' flag is provided.
src/features/scheduler/DeliveryScheduler.tsx(871,17): error TS17004: Cannot use JSX unless the '--jsx' flag is provided.
src/features/scheduler/DeliveryScheduler.tsx(872,17): error TS17004: Cannot use JSX unless the '--jsx' flag is provided.
src/features/scheduler/DeliveryScheduler.tsx(885,17): error TS17004: Cannot use JSX unless the '--jsx' flag is provided.
src/features/scheduler/DeliveryScheduler.tsx(886,21): error TS17004: Cannot use JSX unless the '--jsx' flag is provided.
src/features/scheduler/DeliveryScheduler.tsx(888,25): error TS17004: Cannot use JSX unless the '--jsx' flag is provided.
src/features/scheduler/DeliveryScheduler.tsx(889,29): error TS17004: Cannot use JSX unless the '--jsx' flag is provided.
src/features/scheduler/DeliveryScheduler.tsx(890,33): error TS17004: Cannot use JSX unless the '--jsx' flag is provided.
src/features/scheduler/DeliveryScheduler.tsx(890,295): error TS17004: Cannot use JSX unless the '--jsx' flag is provided.
src/features/scheduler/DeliveryScheduler.tsx(891,33): error TS17004: Cannot use JSX unless the '--jsx' flag is provided.
src/features/scheduler/DeliveryScheduler.tsx(894,33): error TS17004: Cannot use JSX unless the '--jsx' flag is provided.
src/features/scheduler/DeliveryScheduler.tsx(894,298): error TS17004: Cannot use JSX unless the '--jsx' flag is provided.
src/features/scheduler/DeliveryScheduler.tsx(897,29): error TS17004: Cannot use JSX unless the '--jsx' flag is provided.
src/features/scheduler/DeliveryScheduler.tsx(900,29): error TS17004: Cannot use JSX unless the '--jsx' flag is provided.
src/features/scheduler/DeliveryScheduler.tsx(901,33): error TS17004: Cannot use JSX unless the '--jsx' flag is provided.
src/features/scheduler/DeliveryScheduler.tsx(902,33): error TS17004: Cannot use JSX unless the '--jsx' flag is provided.
src/features/scheduler/DeliveryScheduler.tsx(907,25): error TS17004: Cannot use JSX unless the '--jsx' flag is provided.
src/features/scheduler/DeliveryScheduler.tsx(909,33): error TS17004: Cannot use JSX unless the '--jsx' flag is provided.
src/features/scheduler/DeliveryScheduler.tsx(924,37): error TS17004: Cannot use JSX unless the '--jsx' flag is provided.
src/features/scheduler/DeliveryScheduler.tsx(925,37): error TS17004: Cannot use JSX unless the '--jsx' flag is provided.
src/features/scheduler/DeliveryScheduler.tsx(929,29): error TS17004: Cannot use JSX unless the '--jsx' flag is provided.
src/features/scheduler/DeliveryScheduler.tsx(937,33): error TS17004: Cannot use JSX unless the '--jsx' flag is provided.
src/features/scheduler/DeliveryScheduler.tsx(938,33): error TS17004: Cannot use JSX unless the '--jsx' flag is provided.
src/features/scheduler/DeliveryScheduler.tsx(941,29): error TS17004: Cannot use JSX unless the '--jsx' flag is provided.
src/features/scheduler/DeliveryScheduler.tsx(949,33): error TS17004: Cannot use JSX unless the '--jsx' flag is provided.
src/features/scheduler/DeliveryScheduler.tsx(950,33): error TS17004: Cannot use JSX unless the '--jsx' flag is provided.
src/features/scheduler/DeliveryScheduler.tsx(953,29): error TS17004: Cannot use JSX unless the '--jsx' flag is provided.
src/features/scheduler/DeliveryScheduler.tsx(955,29): error TS17004: Cannot use JSX unless the '--jsx' flag is provided.
src/features/scheduler/DeliveryScheduler.tsx(963,33): error TS17004: Cannot use JSX unless the '--jsx' flag is provided.
src/features/scheduler/DeliveryScheduler.tsx(968,33): error TS17004: Cannot use JSX unless the '--jsx' flag is provided.
src/features/scheduler/DeliveryScheduler.tsx(973,53): error TS17004: Cannot use JSX unless the '--jsx' flag is provided.
src/features/scheduler/DeliveryScheduler.tsx(973,102): error TS17004: Cannot use JSX unless the '--jsx' flag is provided.
src/features/scheduler/DeliveryScheduler.tsx(983,21): error TS17004: Cannot use JSX unless the '--jsx' flag is provided.
src/features/scheduler/DeliveryScheduler.tsx(984,25): error TS17004: Cannot use JSX unless the '--jsx' flag is provided.
src/features/scheduler/DeliveryScheduler.tsx(991,29): error TS17004: Cannot use JSX unless the '--jsx' flag is provided.
src/features/scheduler/DeliveryScheduler.tsx(995,33): error TS17004: Cannot use JSX unless the '--jsx' flag is provided.
src/features/scheduler/DeliveryScheduler.tsx(996,37): error TS17004: Cannot use JSX unless the '--jsx' flag is provided.
src/features/scheduler/DeliveryScheduler.tsx(1004,37): error TS17004: Cannot use JSX unless the '--jsx' flag is provided.
src/features/scheduler/DeliveryScheduler.tsx(1005,41): error TS17004: Cannot use JSX unless the '--jsx' flag is provided.
src/features/scheduler/DeliveryScheduler.tsx(1008,41): error TS17004: Cannot use JSX unless the '--jsx' flag is provided.
src/features/scheduler/DeliveryScheduler.tsx(1013,33): error TS17004: Cannot use JSX unless the '--jsx' flag is provided.
src/features/scheduler/DeliveryScheduler.tsx(1018,37): error TS17004: Cannot use JSX unless the '--jsx' flag is provided.
src/features/scheduler/DeliveryScheduler.tsx(1023,29): error TS17004: Cannot use JSX unless the '--jsx' flag is provided.
src/features/scheduler/DeliveryScheduler.tsx(1025,33): error TS17004: Cannot use JSX unless the '--jsx' flag is provided.
src/features/scheduler/DeliveryScheduler.tsx(1030,33): error TS17004: Cannot use JSX unless the '--jsx' flag is provided.
src/features/scheduler/DeliveryScheduler.tsx(1031,37): error TS17004: Cannot use JSX unless the '--jsx' flag is provided.
src/features/scheduler/DeliveryScheduler.tsx(1032,41): error TS17004: Cannot use JSX unless the '--jsx' flag is provided.
src/features/scheduler/DeliveryScheduler.tsx(1033,41): error TS17004: Cannot use JSX unless the '--jsx' flag is provided.
src/features/scheduler/DeliveryScheduler.tsx(1035,37): error TS17004: Cannot use JSX unless the '--jsx' flag is provided.
src/features/scheduler/DeliveryScheduler.tsx(1036,41): error TS17004: Cannot use JSX unless the '--jsx' flag is provided.
src/features/scheduler/DeliveryScheduler.tsx(1037,41): error TS17004: Cannot use JSX unless the '--jsx' flag is provided.
src/features/scheduler/DeliveryScheduler.tsx(1039,37): error TS17004: Cannot use JSX unless the '--jsx' flag is provided.
src/features/scheduler/DeliveryScheduler.tsx(1040,41): error TS17004: Cannot use JSX unless the '--jsx' flag is provided.
src/features/scheduler/DeliveryScheduler.tsx(1041,41): error TS17004: Cannot use JSX unless the '--jsx' flag is provided.
src/features/scheduler/DeliveryScheduler.tsx(1046,33): error TS17004: Cannot use JSX unless the '--jsx' flag is provided.
src/features/scheduler/DeliveryScheduler.tsx(1047,37): error TS17004: Cannot use JSX unless the '--jsx' flag is provided.
src/features/scheduler/DeliveryScheduler.tsx(1060,17): error TS17004: Cannot use JSX unless the '--jsx' flag is provided.
src/features/scheduler/DeliveryScheduler.tsx(1063,21): error TS17004: Cannot use JSX unless the '--jsx' flag is provided.
src/features/scheduler/DeliveryScheduler.tsx(1066,25): error TS17004: Cannot use JSX unless the '--jsx' flag is provided.
src/features/scheduler/DeliveryScheduler.tsx(1068,29): error TS17004: Cannot use JSX unless the '--jsx' flag is provided.
src/features/scheduler/DeliveryScheduler.tsx(1069,33): error TS17004: Cannot use JSX unless the '--jsx' flag is provided.
src/features/scheduler/DeliveryScheduler.tsx(1073,29): error TS17004: Cannot use JSX unless the '--jsx' flag is provided.
src/features/scheduler/DeliveryScheduler.tsx(1078,45): error TS17004: Cannot use JSX unless the '--jsx' flag is provided.
src/features/scheduler/DeliveryScheduler.tsx(1083,53): error TS17004: Cannot use JSX unless the '--jsx' flag is provided.
src/features/scheduler/DeliveryScheduler.tsx(1085,49): error TS17004: Cannot use JSX unless the '--jsx' flag is provided.
src/features/scheduler/DeliveryScheduler.tsx(1086,49): error TS17004: Cannot use JSX unless the '--jsx' flag is provided.
src/features/scheduler/DeliveryScheduler.tsx(1093,37): error TS17004: Cannot use JSX unless the '--jsx' flag is provided.
src/features/scheduler/DeliveryScheduler.tsx(1097,49): error TS17004: Cannot use JSX unless the '--jsx' flag is provided.
src/features/scheduler/DeliveryScheduler.tsx(1105,61): error TS17004: Cannot use JSX unless the '--jsx' flag is provided.
src/features/scheduler/DeliveryScheduler.tsx(1120,65): error TS17004: Cannot use JSX unless the '--jsx' flag is provided.
src/features/scheduler/DeliveryScheduler.tsx(1142,25): error TS17004: Cannot use JSX unless the '--jsx' flag is provided.
src/features/scheduler/DeliveryScheduler.tsx(1144,33): error TS17004: Cannot use JSX unless the '--jsx' flag is provided.
src/features/scheduler/DeliveryScheduler.tsx(1151,37): error TS17004: Cannot use JSX unless the '--jsx' flag is provided.
src/features/scheduler/DeliveryScheduler.tsx(1152,37): error TS17004: Cannot use JSX unless the '--jsx' flag is provided.
src/features/scheduler/DeliveryScheduler.tsx(1155,37): error TS17004: Cannot use JSX unless the '--jsx' flag is provided.
src/features/scheduler/DeliveryScheduler.tsx(1159,41): error TS17004: Cannot use JSX unless the '--jsx' flag is provided.
src/features/scheduler/DeliveryScheduler.tsx(1160,45): error TS17004: Cannot use JSX unless the '--jsx' flag is provided.
src/features/scheduler/DeliveryScheduler.tsx(1163,45): error TS17004: Cannot use JSX unless the '--jsx' flag is provided.
src/features/scheduler/DeliveryScheduler.tsx(1164,49): error TS17004: Cannot use JSX unless the '--jsx' flag is provided.
src/features/scheduler/DeliveryScheduler.tsx(1165,49): error TS17004: Cannot use JSX unless the '--jsx' flag is provided.
src/features/scheduler/DeliveryScheduler.tsx(1166,53): error TS17004: Cannot use JSX unless the '--jsx' flag is provided.
src/features/scheduler/DeliveryScheduler.tsx(1167,57): error TS17004: Cannot use JSX unless the '--jsx' flag is provided.
src/features/scheduler/DeliveryScheduler.tsx(1167,118): error TS17004: Cannot use JSX unless the '--jsx' flag is provided.
src/features/scheduler/DeliveryScheduler.tsx(1169,53): error TS17004: Cannot use JSX unless the '--jsx' flag is provided.
src/features/scheduler/DeliveryScheduler.tsx(1177,57): error TS17004: Cannot use JSX unless the '--jsx' flag is provided.
src/features/scheduler/DeliveryScheduler.tsx(1177,100): error TS17004: Cannot use JSX unless the '--jsx' flag is provided.
src/features/scheduler/DeliveryScheduler.tsx(1185,37): error TS17004: Cannot use JSX unless the '--jsx' flag is provided.
src/features/scheduler/DeliveryScheduler.tsx(1193,53): error TS17004: Cannot use JSX unless the '--jsx' flag is provided.
src/features/scheduler/DeliveryScheduler.tsx(1211,57): error TS17004: Cannot use JSX unless the '--jsx' flag is provided.
src/features/scheduler/DeliveryScheduler.tsx(1215,69): error TS17004: Cannot use JSX unless the '--jsx' flag is provided.
src/features/scheduler/DeliveryScheduler.tsx(1216,73): error TS17004: Cannot use JSX unless the '--jsx' flag is provided.
src/features/scheduler/DeliveryScheduler.tsx(1237,45): error TS17004: Cannot use JSX unless the '--jsx' flag is provided.
src/features/scheduler/DeliveryScheduler.tsx(1239,49): error TS17004: Cannot use JSX unless the '--jsx' flag is provided.
src/features/scheduler/DeliveryScheduler.tsx(1241,57): error TS17004: Cannot use JSX unless the '--jsx' flag is provided.
src/features/scheduler/DeliveryScheduler.tsx(1247,69): error TS17004: Cannot use JSX unless the '--jsx' flag is provided.
src/features/scheduler/DeliveryScheduler.tsx(1273,49): error TS17004: Cannot use JSX unless the '--jsx' flag is provided.
src/features/scheduler/DeliveryScheduler.tsx(1285,61): error TS17004: Cannot use JSX unless the '--jsx' flag is provided.
src/features/scheduler/DeliveryScheduler.tsx(1290,65): error TS17004: Cannot use JSX unless the '--jsx' flag is provided.
src/features/scheduler/DeliveryScheduler.tsx(1315,25): error TS17004: Cannot use JSX unless the '--jsx' flag is provided.
src/features/scheduler/DeliveryScheduler.tsx(1316,29): error TS17004: Cannot use JSX unless the '--jsx' flag is provided.
src/features/scheduler/DeliveryScheduler.tsx(1317,33): error TS17004: Cannot use JSX unless the '--jsx' flag is provided.
src/features/scheduler/DeliveryScheduler.tsx(1318,37): error TS17004: Cannot use JSX unless the '--jsx' flag is provided.
src/features/scheduler/DeliveryScheduler.tsx(1321,29): error TS17004: Cannot use JSX unless the '--jsx' flag is provided.
src/features/scheduler/DeliveryScheduler.tsx(1328,45): error TS17004: Cannot use JSX unless the '--jsx' flag is provided.
src/features/scheduler/DeliveryScheduler.tsx(1329,49): error TS17004: Cannot use JSX unless the '--jsx' flag is provided.
src/features/scheduler/DeliveryScheduler.tsx(1330,53): error TS17004: Cannot use JSX unless the '--jsx' flag is provided.
src/features/scheduler/DeliveryScheduler.tsx(1331,57): error TS17004: Cannot use JSX unless the '--jsx' flag is provided.
src/features/scheduler/DeliveryScheduler.tsx(1332,57): error TS17004: Cannot use JSX unless the '--jsx' flag is provided.
src/features/scheduler/DeliveryScheduler.tsx(1334,53): error TS17004: Cannot use JSX unless the '--jsx' flag is provided.
src/features/scheduler/DeliveryScheduler.tsx(1335,53): error TS17004: Cannot use JSX unless the '--jsx' flag is provided.
src/features/scheduler/DeliveryScheduler.tsx(1336,57): error TS17004: Cannot use JSX unless the '--jsx' flag is provided.
src/features/scheduler/DeliveryScheduler.tsx(1337,57): error TS17004: Cannot use JSX unless the '--jsx' flag is provided.
src/features/scheduler/DeliveryScheduler.tsx(1344,37): error TS17004: Cannot use JSX unless the '--jsx' flag is provided.
src/features/scheduler/DeliveryScheduler.tsx(1351,49): error TS17004: Cannot use JSX unless the '--jsx' flag is provided.
src/features/scheduler/DeliveryScheduler.tsx(1352,53): error TS17004: Cannot use JSX unless the '--jsx' flag is provided.
src/features/scheduler/DeliveryScheduler.tsx(1353,57): error TS17004: Cannot use JSX unless the '--jsx' flag is provided.
src/features/scheduler/DeliveryScheduler.tsx(1354,57): error TS17004: Cannot use JSX unless the '--jsx' flag is provided.
src/features/scheduler/DeliveryScheduler.tsx(1355,57): error TS17004: Cannot use JSX unless the '--jsx' flag is provided.
src/features/scheduler/DeliveryScheduler.tsx(1357,53): error TS17004: Cannot use JSX unless the '--jsx' flag is provided.
src/features/scheduler/DeliveryScheduler.tsx(1358,53): error TS17004: Cannot use JSX unless the '--jsx' flag is provided.
src/features/scheduler/DeliveryScheduler.tsx(1359,57): error TS17004: Cannot use JSX unless the '--jsx' flag is provided.
src/features/scheduler/DeliveryScheduler.tsx(1360,57): error TS17004: Cannot use JSX unless the '--jsx' flag is provided.
src/features/scheduler/DeliveryScheduler.tsx(1361,57): error TS17004: Cannot use JSX unless the '--jsx' flag is provided.
src/features/scheduler/DeliveryScheduler.tsx(1363,53): error TS17004: Cannot use JSX unless the '--jsx' flag is provided.
src/features/scheduler/DeliveryScheduler.tsx(1378,25): error TS17004: Cannot use JSX unless the '--jsx' flag is provided.
src/features/scheduler/DeliveryScheduler.tsx(1402,25): error TS17004: Cannot use JSX unless the '--jsx' flag is provided.
src/features/scheduler/DeliveryScheduler.tsx(1417,25): error TS17004: Cannot use JSX unless the '--jsx' flag is provided.
src/features/scheduler/DeliveryScheduler.tsx(1418,29): error TS17004: Cannot use JSX unless the '--jsx' flag is provided.
src/features/scheduler/DeliveryScheduler.tsx(1423,49): error TS17004: Cannot use JSX unless the '--jsx' flag is provided.
src/features/scheduler/DeliveryScheduler.tsx(1423,98): error TS17004: Cannot use JSX unless the '--jsx' flag is provided.
src/features/scheduler/DeliveryScheduler.tsx(1424,33): error TS17004: Cannot use JSX unless the '--jsx' flag is provided.
src/features/scheduler/DeliveryScheduler.tsx(1425,37): error TS17004: Cannot use JSX unless the '--jsx' flag is provided.
src/features/scheduler/DeliveryScheduler.tsx(1426,37): error TS17004: Cannot use JSX unless the '--jsx' flag is provided.
src/features/scheduler/DeliveryScheduler.tsx(1434,25): error TS17004: Cannot use JSX unless the '--jsx' flag is provided.
src/features/scheduler/DeliveryScheduler.tsx(1436,33): error TS17004: Cannot use JSX unless the '--jsx' flag is provided.
src/features/scheduler/DeliveryScheduler.tsx(1450,25): error TS17004: Cannot use JSX unless the '--jsx' flag is provided.
src/features/scheduler/DeliveryScheduler.tsx(1472,17): error TS17004: Cannot use JSX unless the '--jsx' flag is provided.
src/features/scheduler/DeliveryScheduler.tsx(1482,29): error TS17004: Cannot use JSX unless the '--jsx' flag is provided.
src/features/scheduler/DeliveryScheduler.tsx(1483,33): error TS17004: Cannot use JSX unless the '--jsx' flag is provided.
src/features/scheduler/DeliveryScheduler.tsx(1484,46): error TS17004: Cannot use JSX unless the '--jsx' flag is provided.
src/features/scheduler/DeliveryScheduler.tsx(1484,135): error TS17004: Cannot use JSX unless the '--jsx' flag is provided.
src/features/scheduler/DeliveryScheduler.tsx(1486,33): error TS17004: Cannot use JSX unless the '--jsx' flag is provided.
src/features/scheduler/DeliveryScheduler.tsx(1487,62): error TS17004: Cannot use JSX unless the '--jsx' flag is provided.
src/features/scheduler/DeliveryScheduler.tsx(1489,33): error TS17004: Cannot use JSX unless the '--jsx' flag is provided.
src/features/scheduler/DeliveryScheduler.tsx(1503,13): error TS17004: Cannot use JSX unless the '--jsx' flag is provided.
