src/features/admin/AdminFranchiseView.tsx(191,52): error TS2322: Type '{ franchiseId: string; selectedDate: Date; readOnly: boolean; }' is not assignable to type 'IntrinsicAttributes'.
  Property 'franchiseId' does not exist on type 'IntrinsicAttributes'.
src/features/franchise/components/AIInsightCard.tsx(4,10): error TS2305: Module '"../finance/types"' has no exported member 'SimpleFinanceData'.
src/features/franchise/finance/components/ui/ProfessionalInput.tsx(1,1): error TS6133: 'React' is declared but its value is never read.
src/features/operations/OperationsPage.tsx(171,37): error TS2322: Type '{ franchiseId: string; selectedDate: Date; onDateChange: Dispatch<SetStateAction<Date>>; readOnly: boolean; }' is not assignable to type 'IntrinsicAttributes'.
  Property 'franchiseId' does not exist on type 'IntrinsicAttributes'.
src/features/operations/views/ShiftManagerView.tsx(19,21): error TS2322: Type '{ franchiseId: string; selectedDate: Date; onDateChange: (date: Date) => void; readOnly: boolean; }' is not assignable to type 'IntrinsicAttributes'.
  Property 'franchiseId' does not exist on type 'IntrinsicAttributes'.
src/features/scheduler/__tests__/DeliveryScheduler.container.test.tsx(83,8): error TS2559: Type '{ franchiseId: string; selectedDate: Date; onDateChange: Mock<Procedure>; readOnly: boolean; }' has no properties in common with type 'IntrinsicAttributes'.
src/features/scheduler/__tests__/DeliveryScheduler.container.test.tsx(92,8): error TS2559: Type '{ franchiseId: string; selectedDate: Date; onDateChange: Mock<Procedure>; readOnly: boolean; }' has no properties in common with type 'IntrinsicAttributes'.
src/features/scheduler/__tests__/DeliveryScheduler.container.test.tsx(102,8): error TS2559: Type '{ franchiseId: string; selectedDate: Date; onDateChange: Mock<Procedure>; readOnly: boolean; }' has no properties in common with type 'IntrinsicAttributes'.
src/features/scheduler/DeliveryScheduler.tsx(399,61): error TS2322: Type '{ key: string | undefined; shift: { riderId: string | null; startAt: string; endAt: string; franchiseId: string; id?: string | undefined; shiftId?: string | undefined; riderName?: string | null | undefined; ... 9 more ...; isNew?: boolean | undefined; }; onClick: () => void; isDragging: boolean; }' is not assignable to type 'IntrinsicAttributes & DraggableShiftProps'.
  Property 'isDragging' does not exist on type 'IntrinsicAttributes & DraggableShiftProps'.
src/features/scheduler/DeliveryScheduler.tsx(415,89): error TS2322: Type '{ shift: { riderId: string | null; startAt: string; endAt: string; franchiseId: string; id?: string | undefined; shiftId?: string | undefined; riderName?: string | null | undefined; motoId?: string | ... 1 more ... | undefined; ... 8 more ...; isNew?: boolean | undefined; }; onClick: () => void; isDragging: boolean; }' is not assignable to type 'IntrinsicAttributes & DraggableShiftProps'.
  Property 'isDragging' does not exist on type 'IntrinsicAttributes & DraggableShiftProps'.
src/features/scheduler/DeliveryScheduler.tsx(430,25): error TS2322: Type '{ riderId: string | null; startAt: string; endAt: string; franchiseId: string; id?: string | undefined; shiftId?: string | undefined; riderName?: string | null | undefined; motoId?: string | null | undefined; ... 8 more ...; isNew?: boolean | undefined; }' is not assignable to type '{ shiftId: string; riderId?: string | null | undefined; startAt: string; endAt: string; motoAssignments?: { motoId: string; }[] | undefined; changeRequested?: boolean | undefined; changeReason?: string | ... 1 more ... | undefined; }'.
  Types of property 'shiftId' are incompatible.
    Type 'string | undefined' is not assignable to type 'string'.
      Type 'undefined' is not assignable to type 'string'.
src/features/scheduler/hooks/useShiftActions.ts(2,17): error TS2305: Module '"../../../schemas/scheduler"' has no exported member 'ShiftInput'.
src/features/scheduler/hooks/useShiftActions.ts(7,1): error TS6133: 'format' is declared but its value is never read.
src/services/finance/records.test.ts(3,1): error TS6133: 'db' is declared but its value is never read.
